// Jest Snapshot v1, https://goo.gl/fbAQLP

exports[`Test on <MyFirstApp /> should match with the snapshot 1`] = `
<div>
  <h1>
    Frida Sophia
  </h1>
  <h2>
    Ingeniero de Software
  </h2>
  <p>
    Frida Sophia Ram√≠rez
  </p>
</div>
`;
